[1/10] john.smith - FAILED - 123456
[2/10] john.smith - FAILED - admin123
[3/10] john.smith - FAILED - Administrator
[4/10] john.smith - FAILED - root
[5/10] john.smith - FAILED - toor
[6/10] john.smith - FAILED - welcome
[7/10] john.smith - FAILED - letmein
[8/10] john.smith - FAILED - admin
[9/10] john.smith - FAILED - password
[10/10] john.smith - FAILED - Admin@123
[1/10] john.smith - FAILED - 123456
[2/10] john.smith - FAILED - admin123
[3/10] john.smith - FAILED - Administrator
[4/10] john.smith - FAILED - root
[5/10] john.smith - FAILED - toor
[6/10] john.smith - FAILED - welcome
[7/10] john.smith - FAILED - letmein
[8/10] john.smith - FAILED - admin
[9/10] john.smith - FAILED - password
[10/10] john.smith - FAILED - Admin@123
[1/10] john.smith - FAILED - 123456
[2/10] john.smith - FAILED - admin123
[3/10] john.smith - FAILED - Administrator
[4/10] john.smith - FAILED - root
[5/10] john.smith - FAILED - toor
[6/10] john.smith - FAILED - welcome
[7/10] john.smith - FAILED - letmein
[8/10] john.smith - FAILED - admin
[9/10] john.smith - FAILED - password
[10/10] john.smith - FAILED - Admin@123
[1/10] john.smith - FAILED - 123456
[2/10] john.smith - FAILED - admin123
[3/10] john.smith - FAILED - Administrator
[4/10] john.smith - FAILED - root
[5/10] john.smith - FAILED - toor
[6/10] john.smith - FAILED - welcome
[7/10] john.smith - FAILED - letmein
[8/10] john.smith - FAILED - admin
[9/10] john.smith - FAILED - password
[10/10] john.smith - FAILED - Admin@123
[1/10] john.smith - FAILED - 123456
[2/10] john.smith - FAILED - admin123
[3/10] john.smith - FAILED - Administrator
[4/10] john.smith - FAILED - root
[5/10] john.smith - FAILED - toor
[6/10] john.smith - FAILED - welcome
[7/10] john.smith - FAILED - letmein
[8/10] john.smith - FAILED - admin
[9/10] john.smith - FAILED - password
[10/10] john.smith - FAILED - Admin@123
[1/10] john.smith - FAILED - 123456
[2/10] john.smith - FAILED - admin123
[3/10] john.smith - FAILED - Administrator
[4/10] john.smith - FAILED - root
[5/10] john.smith - FAILED - toor
[6/10] john.smith - FAILED - welcome
[7/10] john.smith - FAILED - letmein
[8/10] john.smith - FAILED - admin
[9/10] john.smith - FAILED - password
[10/10] john.smith - FAILED - Admin@123
[1/10] john.smith - FAILED - 123456
[2/10] john.smith - FAILED - admin123
[3/10] john.smith - FAILED - Administrator
[4/10] john.smith - FAILED - root
[5/10] john.smith - FAILED - toor
[6/10] john.smith - FAILED - welcome
[7/10] john.smith - FAILED - letmein
[8/10] john.smith - FAILED - admin
[9/10] john.smith - FAILED - password
[10/10] john.smith - FAILED - Admin@123
[1/10] john.smith - FAILED - 123456
[2/10] john.smith - FAILED - admin123
[3/10] john.smith - FAILED - Administrator
[4/10] john.smith - FAILED - root
[5/10] john.smith - FAILED - toor
[6/10] john.smith - FAILED - welcome
[7/10] john.smith - FAILED - letmein
[8/10] john.smith - FAILED - admin
[9/10] john.smith - FAILED - password
[10/10] john.smith - FAILED - Admin@123
[1/10] john.smith - FAILED - 123456
[2/10] john.smith - FAILED - admin123
[3/10] john.smith - FAILED - Administrator
[4/10] john.smith - FAILED - root
[5/10] john.smith - FAILED - toor
[6/10] john.smith - FAILED - welcome
[7/10] john.smith - FAILED - letmein
[8/10] john.smith - FAILED - admin
[9/10] john.smith - FAILED - password
[10/10] john.smith - FAILED - Admin@123
